
> starter_helpi@0.1.0 test
> react-scripts test --coverage

FAIL src/App.test.tsx
  ✕ renders learn react link (49 ms)

  ● renders learn react link

    TestingLibraryElementError: Unable to find an element with the text: /learn react/i. This could be because the text is broken up by multiple elements. In this case, you can provide a function for your text matcher to make your matcher more flexible.

    Ignored nodes: comments, script, style
    [36m<body>[39m
      [36m<div>[39m
        [36m<div[39m
          [33mclass[39m=[32m"navLinks"[39m
        [36m>[39m
          [36m<a[39m
            [33mhref[39m=[32m"#/"[39m
          [36m>[39m
            [36m<button[39m
              [33mclass[39m=[32m"home-btn btn btn-primary"[39m
              [33mtype[39m=[32m"button"[39m
            [36m>[39m
              [0mHome[0m
            [36m</button>[39m
          [36m</a>[39m
          [36m<a[39m
            [33mhref[39m=[32m"#/basicPage"[39m
          [36m>[39m
            [36m<button[39m
              [33mclass[39m=[32m"home-btn btn btn-primary"[39m
              [33mtype[39m=[32m"button"[39m
            [36m>[39m
              [0mBasic[0m
            [36m</button>[39m
          [36m</a>[39m
          [36m<a[39m
            [33mhref[39m=[32m"#/detailedPage"[39m
          [36m>[39m
            [36m<button[39m
              [33mclass[39m=[32m"home-btn btn btn-primary"[39m
              [33mtype[39m=[32m"button"[39m
            [36m>[39m
              [0mDetailed[0m
            [36m</button>[39m
          [36m</a>[39m
        [36m</div>[39m
        [36m<main>[39m
          [36m<div>[39m
            [36m<div[39m
              [33mclass[39m=[32m"mainHome"[39m
            [36m>[39m
              [36m<h1>[39m
                [0mTHIS IS HOME PAGE[0m
              [36m</h1>[39m
            [36m</div>[39m
            [36m<form[39m
              [33mclass[39m=[32m""[39m
            [36m>[39m
              [36m<label[39m
                [33mclass[39m=[32m"form-label"[39m
              [36m>[39m
                [0mAPI Key:[0m
              [36m</label>[39m
              [36m<input[39m
                [33mclass[39m=[32m"form-control"[39m
                [33mplaceholder[39m=[32m"Insert API Key Here"[39m
                [33mtype[39m=[32m"password"[39m
              [36m/>[39m
              [36m<br />[39m
              [36m<button[39m
                [33mclass[39m=[32m"Submit-Button btn btn-primary"[39m
                [33mtype[39m=[32m"button"[39m
              [36m>[39m
                [0mSubmit[0m
              [36m</button>[39m
            [36m</form>[39m
            [36m<button[39m
              [33mclass[39m=[32m"Basic-Career-Assessment-Button btn btn-primary"[39m
              [33mtype[39m=[32m"button"[39m
            [36m>[39m
              [0mBasic Career Asessment Page[0m
            [36m</button>[39m
          [36m</div>[39m
        [36m</main>[39m
      [36m</div>[39m
    [36m</body>[39m

       5 | test("renders learn react link", () => {
       6 |   render(<App />);
    >  7 |   const linkElement = screen.getByText(/learn react/i);
         |                              ^
       8 |   expect(linkElement).toBeInTheDocument();
       9 | });
      10 |

      at Object.getElementError (node_modules/@testing-library/react/node_modules/@testing-library/dom/dist/config.js:37:19)
      at node_modules/@testing-library/react/node_modules/@testing-library/dom/dist/query-helpers.js:76:38
      at node_modules/@testing-library/react/node_modules/@testing-library/dom/dist/query-helpers.js:52:17
      at getByText (node_modules/@testing-library/react/node_modules/@testing-library/dom/dist/query-helpers.js:95:19)
      at Object.<anonymous> (src/App.test.tsx:7:30)
      at TestScheduler.scheduleTests (node_modules/@jest/core/build/TestScheduler.js:333:13)
      at runJest (node_modules/@jest/core/build/runJest.js:404:19)
      at _run10000 (node_modules/@jest/core/build/cli/index.js:320:7)
      at runCLI (node_modules/@jest/core/build/cli/index.js:173:3)

---------------------|---------|----------|---------|---------|-------------------
File                 | % Stmts | % Branch | % Funcs | % Lines | Uncovered Line #s 
---------------------|---------|----------|---------|---------|-------------------
All files            |   33.33 |    16.66 |   36.36 |   33.33 |                   
 src                 |   15.38 |        0 |      50 |   15.38 |                   
  App.tsx            |     100 |      100 |     100 |     100 |                   
  Layout.jsx         |     100 |      100 |     100 |     100 |                   
  index.tsx          |       0 |      100 |     100 |       0 | 8-20              
  reportWebVitals.ts |       0 |        0 |       0 |       0 | 3-10              
 src/components      |     100 |      100 |     100 |     100 |                   
  Navbar.tsx         |     100 |      100 |     100 |     100 |                   
 src/pages           |   46.15 |       50 |   16.66 |   46.15 |                   
  basicPage.tsx      |       0 |      100 |       0 |       0 | 4                 
  detailedPage.tsx   |       0 |      100 |       0 |       0 | 4                 
  homePage.tsx       |   54.54 |       50 |      25 |   54.54 | 10,18-27          
---------------------|---------|----------|---------|---------|-------------------
Test Suites: 1 failed, 1 total
Tests:       1 failed, 1 total
Snapshots:   0 total
Time:        2.276 s
Ran all test suites.
